// Jest Snapshot v1, https://goo.gl/fbAQLP

exports[`<GenderSelection /> renders correctly 1`] = `
<Component
  style={
    Array [
      Object {
        "flex": 1,
      },
      Object {
        "alignItems": "center",
      },
      Object {
        "justifyContent": "center",
      },
      Object {
        "backgroundColor": "#f7f7f7",
      },
    ]
  }
>
  <CardWithHeaderAndButton
    buttonText="Continue"
    description="We will make sure you get better and personalized results"
    disabled={true}
    onButtonPress={[Function]}
    title="What's your gender?"
  >
    <Component
      style={
        Array [
          Object {
            "flexDirection": "row",
          },
        ]
      }
    >
      <RadioButton
        checked={false}
        onPress={[Function]}
        style={
          Array [
            Object {
              "margin": 26,
            },
          ]
        }
        title="FEMALE"
        value="female"
        variant="lg"
      />
      <RadioButton
        checked={false}
        onPress={[Function]}
        style={
          Array [
            Object {
              "margin": 26,
            },
          ]
        }
        title="MALE"
        value="male"
        variant="lg"
      />
    </Component>
  </CardWithHeaderAndButton>
</Component>
`;
