// Jest Snapshot v1, https://goo.gl/fbAQLP

exports[`<GenderSelection /> renders correctly 1`] = `
<_class
  gender={null}
  navigation={Object {}}
  setSignUpUserGender={[MockFunction]}
>
  <Query
    query={
      Object {
        "definitions": Array [
          Object {
            "directives": Array [],
            "kind": "OperationDefinition",
            "name": undefined,
            "operation": "query",
            "selectionSet": Object {
              "kind": "SelectionSet",
              "selections": Array [
                Object {
                  "alias": undefined,
                  "arguments": Array [],
                  "directives": Array [
                    Object {
                      "arguments": Array [],
                      "kind": "Directive",
                      "name": Object {
                        "kind": "Name",
                        "value": "client",
                      },
                    },
                  ],
                  "kind": "Field",
                  "name": Object {
                    "kind": "Name",
                    "value": "signUpUser",
                  },
                  "selectionSet": Object {
                    "kind": "SelectionSet",
                    "selections": Array [
                      Object {
                        "alias": undefined,
                        "arguments": Array [],
                        "directives": Array [],
                        "kind": "Field",
                        "name": Object {
                          "kind": "Name",
                          "value": "gender",
                        },
                        "selectionSet": undefined,
                      },
                    ],
                  },
                },
              ],
            },
            "variableDefinitions": Array [],
          },
        ],
        "kind": "Document",
        "loc": Object {
          "end": 53,
          "start": 0,
        },
      }
    }
  >
    <_class
      gender={null}
      navigation={Object {}}
      setSignUpUserGender={[MockFunction]}
    >
      <Mutation
        mutation={
          Object {
            "definitions": Array [
              Object {
                "directives": Array [],
                "kind": "OperationDefinition",
                "name": Object {
                  "kind": "Name",
                  "value": "setSignUpUserGender",
                },
                "operation": "mutation",
                "selectionSet": Object {
                  "kind": "SelectionSet",
                  "selections": Array [
                    Object {
                      "alias": undefined,
                      "arguments": Array [
                        Object {
                          "kind": "Argument",
                          "name": Object {
                            "kind": "Name",
                            "value": "gender",
                          },
                          "value": Object {
                            "kind": "Variable",
                            "name": Object {
                              "kind": "Name",
                              "value": "gender",
                            },
                          },
                        },
                      ],
                      "directives": Array [
                        Object {
                          "arguments": Array [],
                          "kind": "Directive",
                          "name": Object {
                            "kind": "Name",
                            "value": "client",
                          },
                        },
                      ],
                      "kind": "Field",
                      "name": Object {
                        "kind": "Name",
                        "value": "setSignUpUserGender",
                      },
                      "selectionSet": undefined,
                    },
                  ],
                },
                "variableDefinitions": Array [
                  Object {
                    "defaultValue": undefined,
                    "directives": Array [],
                    "kind": "VariableDefinition",
                    "type": Object {
                      "kind": "NonNullType",
                      "type": Object {
                        "kind": "NamedType",
                        "name": Object {
                          "kind": "Name",
                          "value": "String",
                        },
                      },
                    },
                    "variable": Object {
                      "kind": "Variable",
                      "name": Object {
                        "kind": "Name",
                        "value": "gender",
                      },
                    },
                  },
                ],
              },
            ],
            "kind": "Document",
            "loc": Object {
              "end": 105,
              "start": 0,
            },
          }
        }
      >
        <GenderSelection
          gender={null}
          navigation={Object {}}
          setSignUpUserGender={[MockFunction]}
        >
          <Component
            style={
              Array [
                Object {
                  "flex": 1,
                },
                Object {
                  "alignItems": "center",
                },
                Object {
                  "justifyContent": "center",
                },
                Object {
                  "backgroundColor": "#f7f7f7",
                },
              ]
            }
          >
            <View
              style={
                Array [
                  Object {
                    "flex": 1,
                  },
                  Object {
                    "alignItems": "center",
                  },
                  Object {
                    "justifyContent": "center",
                  },
                  Object {
                    "backgroundColor": "#f7f7f7",
                  },
                ]
              }
            >
              <CardWithHeaderAndButton
                buttonText="Continue"
                description="We will make sure you get better and personalized results"
                disabled={true}
                onButtonPress={[Function]}
                title="What's your gender?"
              >
                <Component
                  style={
                    Array [
                      Object {
                        "flex": 1,
                      },
                      Object {
                        "justifyContent": "center",
                      },
                    ]
                  }
                >
                  <View
                    style={
                      Array [
                        Object {
                          "flex": 1,
                        },
                        Object {
                          "justifyContent": "center",
                        },
                      ]
                    }
                  >
                    <Component
                      style={
                        Array [
                          Object {
                            "flex": 1,
                          },
                          Object {
                            "alignItems": "center",
                          },
                          Object {
                            "justifyContent": "center",
                          },
                        ]
                      }
                    >
                      <View
                        style={
                          Array [
                            Object {
                              "flex": 1,
                            },
                            Object {
                              "alignItems": "center",
                            },
                            Object {
                              "justifyContent": "center",
                            },
                          ]
                        }
                      >
                        <Component
                          style={
                            Array [
                              Object {
                                "fontFamily": "avenir-next-medium",
                              },
                              Object {
                                "color": "#626262",
                              },
                              Object {
                                "textAlign": "center",
                              },
                              Object {
                                "fontSize": 20,
                              },
                              Object {
                                "margin": 19.5,
                              },
                              Object {
                                "marginBottom": 26,
                              },
                            ]
                          }
                        >
                          <Text
                            style={
                              Array [
                                Object {
                                  "fontFamily": "avenir-next-medium",
                                },
                                Object {
                                  "color": "#626262",
                                },
                                Object {
                                  "textAlign": "center",
                                },
                                Object {
                                  "fontSize": 20,
                                },
                                Object {
                                  "margin": 19.5,
                                },
                                Object {
                                  "marginBottom": 26,
                                },
                              ]
                            }
                          >
                            What's your gender?
                          </Text>
                        </Component>
                        <Component
                          style={
                            Array [
                              Object {
                                "fontFamily": "avenir-next-regular",
                              },
                              Object {
                                "color": "#9e9e9e",
                              },
                              Object {
                                "fontSize": 16,
                              },
                              Object {
                                "textAlign": "center",
                              },
                              Object {
                                "marginLeft": 19.5,
                              },
                              Object {
                                "marginRight": 26,
                              },
                            ]
                          }
                        >
                          <Text
                            style={
                              Array [
                                Object {
                                  "fontFamily": "avenir-next-regular",
                                },
                                Object {
                                  "color": "#9e9e9e",
                                },
                                Object {
                                  "fontSize": 16,
                                },
                                Object {
                                  "textAlign": "center",
                                },
                                Object {
                                  "marginLeft": 19.5,
                                },
                                Object {
                                  "marginRight": 26,
                                },
                              ]
                            }
                          >
                            We will make sure you get better and personalized results
                          </Text>
                        </Component>
                      </View>
                    </Component>
                    <Component
                      style={
                        Array [
                          Object {
                            "flex": 2,
                          },
                          Object {
                            "justifyContent": "center",
                          },
                        ]
                      }
                    >
                      <View
                        style={
                          Array [
                            Object {
                              "flex": 2,
                            },
                            Object {
                              "justifyContent": "center",
                            },
                          ]
                        }
                      >
                        <Component
                          style={
                            Array [
                              Object {
                                "marginLeft": 13,
                              },
                              Object {
                                "marginRight": 13,
                              },
                              Object {
                                "paddingLeft": 19.5,
                              },
                              Object {
                                "paddingRight": 19.5,
                              },
                              Object {
                                "paddingBottom": 26,
                              },
                              Object {
                                "paddingTop": 26,
                              },
                              Object {
                                "backgroundColor": "#ffffff",
                              },
                              Object {
                                "alignItems": "center",
                              },
                              Object {
                                "justifyContent": "center",
                              },
                              Object {
                                "borderRadius": 10,
                              },
                              Object {
                                "shadowColor": "#000000",
                                "shadowOffset": Object {
                                  "height": 4,
                                  "width": 2,
                                },
                                "shadowOpacity": 0.1,
                                "shadowRadius": 2,
                              },
                            ]
                          }
                        >
                          <View
                            style={
                              Array [
                                Object {
                                  "marginLeft": 13,
                                },
                                Object {
                                  "marginRight": 13,
                                },
                                Object {
                                  "paddingLeft": 19.5,
                                },
                                Object {
                                  "paddingRight": 19.5,
                                },
                                Object {
                                  "paddingBottom": 26,
                                },
                                Object {
                                  "paddingTop": 26,
                                },
                                Object {
                                  "backgroundColor": "#ffffff",
                                },
                                Object {
                                  "alignItems": "center",
                                },
                                Object {
                                  "justifyContent": "center",
                                },
                                Object {
                                  "borderRadius": 10,
                                },
                                Object {
                                  "shadowColor": "#000000",
                                  "shadowOffset": Object {
                                    "height": 4,
                                    "width": 2,
                                  },
                                  "shadowOpacity": 0.1,
                                  "shadowRadius": 2,
                                },
                              ]
                            }
                          >
                            <Component>
                              <View>
                                <Component
                                  style={
                                    Array [
                                      Object {
                                        "flexDirection": "row",
                                      },
                                    ]
                                  }
                                >
                                  <View
                                    style={
                                      Array [
                                        Object {
                                          "flexDirection": "row",
                                        },
                                      ]
                                    }
                                  >
                                    <RadioButton
                                      checked={false}
                                      onPress={[Function]}
                                      style={
                                        Array [
                                          Object {
                                            "margin": 26,
                                          },
                                        ]
                                      }
                                      title="FEMALE"
                                      value="female"
                                      variant="lg"
                                    >
                                      <Component
                                        style={
                                          Array [
                                            Object {
                                              "height": 64,
                                            },
                                            Object {
                                              "alignItems": "center",
                                            },
                                            Array [
                                              Object {
                                                "margin": 26,
                                              },
                                            ],
                                          ]
                                        }
                                      >
                                        <View
                                          style={
                                            Array [
                                              Object {
                                                "height": 64,
                                              },
                                              Object {
                                                "alignItems": "center",
                                              },
                                              Array [
                                                Object {
                                                  "margin": 26,
                                                },
                                              ],
                                            ]
                                          }
                                        >
                                          <Component
                                            style={
                                              Array [
                                                Object {
                                                  "flex": 1,
                                                },
                                                Object {
                                                  "justifyContent": "center",
                                                },
                                                Object {
                                                  "flexDirection": "column",
                                                },
                                                Object {
                                                  "alignItems": "center",
                                                },
                                              ]
                                            }
                                          >
                                            <View
                                              style={
                                                Array [
                                                  Object {
                                                    "flex": 1,
                                                  },
                                                  Object {
                                                    "justifyContent": "center",
                                                  },
                                                  Object {
                                                    "flexDirection": "column",
                                                  },
                                                  Object {
                                                    "alignItems": "center",
                                                  },
                                                ]
                                              }
                                            >
                                              <Component
                                                style={
                                                  Array [
                                                    Object {
                                                      "height": 40,
                                                    },
                                                    Object {
                                                      "width": 40,
                                                    },
                                                  ]
                                                }
                                              >
                                                <View
                                                  style={
                                                    Array [
                                                      Object {
                                                        "height": 40,
                                                      },
                                                      Object {
                                                        "width": 40,
                                                      },
                                                    ]
                                                  }
                                                >
                                                  <TouchableOpacity
                                                    activeOpacity={0.2}
                                                    onPress={[Function]}
                                                    style={
                                                      Array [
                                                        Object {
                                                          "flex": 1,
                                                        },
                                                        Object {
                                                          "borderRadius": 100,
                                                        },
                                                        Object {
                                                          "borderWidth": 1,
                                                        },
                                                        Object {
                                                          "justifyContent": "center",
                                                        },
                                                        Object {
                                                          "alignItems": "center",
                                                        },
                                                        Object {
                                                          "borderColor": "#cfcfcf",
                                                        },
                                                      ]
                                                    }
                                                  >
                                                    <AnimatedComponent
                                                      accessible={true}
                                                      isTVSelectable={true}
                                                      onResponderGrant={[Function]}
                                                      onResponderMove={[Function]}
                                                      onResponderRelease={[Function]}
                                                      onResponderTerminate={[Function]}
                                                      onResponderTerminationRequest={[Function]}
                                                      onStartShouldSetResponder={[Function]}
                                                      style={
                                                        Array [
                                                          Array [
                                                            Object {
                                                              "flex": 1,
                                                            },
                                                            Object {
                                                              "borderRadius": 100,
                                                            },
                                                            Object {
                                                              "borderWidth": 1,
                                                            },
                                                            Object {
                                                              "justifyContent": "center",
                                                            },
                                                            Object {
                                                              "alignItems": "center",
                                                            },
                                                            Object {
                                                              "borderColor": "#cfcfcf",
                                                            },
                                                          ],
                                                          Object {
                                                            "opacity": 1,
                                                          },
                                                        ]
                                                      }
                                                    >
                                                      <Component
                                                        accessible={true}
                                                        isTVSelectable={true}
                                                        onResponderGrant={[Function]}
                                                        onResponderMove={[Function]}
                                                        onResponderRelease={[Function]}
                                                        onResponderTerminate={[Function]}
                                                        onResponderTerminationRequest={[Function]}
                                                        onStartShouldSetResponder={[Function]}
                                                        style={
                                                          Object {
                                                            "alignItems": "center",
                                                            "borderColor": "#cfcfcf",
                                                            "borderRadius": 100,
                                                            "borderWidth": 1,
                                                            "flex": 1,
                                                            "justifyContent": "center",
                                                            "opacity": 1,
                                                          }
                                                        }
                                                      >
                                                        <View
                                                          accessible={true}
                                                          isTVSelectable={true}
                                                          onResponderGrant={[Function]}
                                                          onResponderMove={[Function]}
                                                          onResponderRelease={[Function]}
                                                          onResponderTerminate={[Function]}
                                                          onResponderTerminationRequest={[Function]}
                                                          onStartShouldSetResponder={[Function]}
                                                          style={
                                                            Object {
                                                              "alignItems": "center",
                                                              "borderColor": "#cfcfcf",
                                                              "borderRadius": 100,
                                                              "borderWidth": 1,
                                                              "flex": 1,
                                                              "justifyContent": "center",
                                                              "opacity": 1,
                                                            }
                                                          }
                                                        >
                                                          <Component
                                                            style={
                                                              Array [
                                                                Object {
                                                                  "borderRadius": 100,
                                                                },
                                                                Object {
                                                                  "height": 32.5,
                                                                  "width": 32.5,
                                                                },
                                                              ]
                                                            }
                                                          >
                                                            <View
                                                              style={
                                                                Array [
                                                                  Object {
                                                                    "borderRadius": 100,
                                                                  },
                                                                  Object {
                                                                    "height": 32.5,
                                                                    "width": 32.5,
                                                                  },
                                                                ]
                                                              }
                                                            />
                                                          </Component>
                                                        </View>
                                                      </Component>
                                                    </AnimatedComponent>
                                                  </TouchableOpacity>
                                                </View>
                                              </Component>
                                              <Component
                                                style={
                                                  Array [
                                                    Object {
                                                      "fontFamily": "avenir-next-medium",
                                                    },
                                                    Object {
                                                      "fontSize": 12,
                                                    },
                                                    Object {
                                                      "marginTop": 13,
                                                    },
                                                    Object {
                                                      "color": "#cfcfcf",
                                                    },
                                                  ]
                                                }
                                              >
                                                <Text
                                                  style={
                                                    Array [
                                                      Object {
                                                        "fontFamily": "avenir-next-medium",
                                                      },
                                                      Object {
                                                        "fontSize": 12,
                                                      },
                                                      Object {
                                                        "marginTop": 13,
                                                      },
                                                      Object {
                                                        "color": "#cfcfcf",
                                                      },
                                                    ]
                                                  }
                                                >
                                                  FEMALE
                                                </Text>
                                              </Component>
                                            </View>
                                          </Component>
                                        </View>
                                      </Component>
                                    </RadioButton>
                                    <RadioButton
                                      checked={false}
                                      onPress={[Function]}
                                      style={
                                        Array [
                                          Object {
                                            "margin": 26,
                                          },
                                        ]
                                      }
                                      title="MALE"
                                      value="male"
                                      variant="lg"
                                    >
                                      <Component
                                        style={
                                          Array [
                                            Object {
                                              "height": 64,
                                            },
                                            Object {
                                              "alignItems": "center",
                                            },
                                            Array [
                                              Object {
                                                "margin": 26,
                                              },
                                            ],
                                          ]
                                        }
                                      >
                                        <View
                                          style={
                                            Array [
                                              Object {
                                                "height": 64,
                                              },
                                              Object {
                                                "alignItems": "center",
                                              },
                                              Array [
                                                Object {
                                                  "margin": 26,
                                                },
                                              ],
                                            ]
                                          }
                                        >
                                          <Component
                                            style={
                                              Array [
                                                Object {
                                                  "flex": 1,
                                                },
                                                Object {
                                                  "justifyContent": "center",
                                                },
                                                Object {
                                                  "flexDirection": "column",
                                                },
                                                Object {
                                                  "alignItems": "center",
                                                },
                                              ]
                                            }
                                          >
                                            <View
                                              style={
                                                Array [
                                                  Object {
                                                    "flex": 1,
                                                  },
                                                  Object {
                                                    "justifyContent": "center",
                                                  },
                                                  Object {
                                                    "flexDirection": "column",
                                                  },
                                                  Object {
                                                    "alignItems": "center",
                                                  },
                                                ]
                                              }
                                            >
                                              <Component
                                                style={
                                                  Array [
                                                    Object {
                                                      "height": 40,
                                                    },
                                                    Object {
                                                      "width": 40,
                                                    },
                                                  ]
                                                }
                                              >
                                                <View
                                                  style={
                                                    Array [
                                                      Object {
                                                        "height": 40,
                                                      },
                                                      Object {
                                                        "width": 40,
                                                      },
                                                    ]
                                                  }
                                                >
                                                  <TouchableOpacity
                                                    activeOpacity={0.2}
                                                    onPress={[Function]}
                                                    style={
                                                      Array [
                                                        Object {
                                                          "flex": 1,
                                                        },
                                                        Object {
                                                          "borderRadius": 100,
                                                        },
                                                        Object {
                                                          "borderWidth": 1,
                                                        },
                                                        Object {
                                                          "justifyContent": "center",
                                                        },
                                                        Object {
                                                          "alignItems": "center",
                                                        },
                                                        Object {
                                                          "borderColor": "#cfcfcf",
                                                        },
                                                      ]
                                                    }
                                                  >
                                                    <AnimatedComponent
                                                      accessible={true}
                                                      isTVSelectable={true}
                                                      onResponderGrant={[Function]}
                                                      onResponderMove={[Function]}
                                                      onResponderRelease={[Function]}
                                                      onResponderTerminate={[Function]}
                                                      onResponderTerminationRequest={[Function]}
                                                      onStartShouldSetResponder={[Function]}
                                                      style={
                                                        Array [
                                                          Array [
                                                            Object {
                                                              "flex": 1,
                                                            },
                                                            Object {
                                                              "borderRadius": 100,
                                                            },
                                                            Object {
                                                              "borderWidth": 1,
                                                            },
                                                            Object {
                                                              "justifyContent": "center",
                                                            },
                                                            Object {
                                                              "alignItems": "center",
                                                            },
                                                            Object {
                                                              "borderColor": "#cfcfcf",
                                                            },
                                                          ],
                                                          Object {
                                                            "opacity": 1,
                                                          },
                                                        ]
                                                      }
                                                    >
                                                      <Component
                                                        accessible={true}
                                                        isTVSelectable={true}
                                                        onResponderGrant={[Function]}
                                                        onResponderMove={[Function]}
                                                        onResponderRelease={[Function]}
                                                        onResponderTerminate={[Function]}
                                                        onResponderTerminationRequest={[Function]}
                                                        onStartShouldSetResponder={[Function]}
                                                        style={
                                                          Object {
                                                            "alignItems": "center",
                                                            "borderColor": "#cfcfcf",
                                                            "borderRadius": 100,
                                                            "borderWidth": 1,
                                                            "flex": 1,
                                                            "justifyContent": "center",
                                                            "opacity": 1,
                                                          }
                                                        }
                                                      >
                                                        <View
                                                          accessible={true}
                                                          isTVSelectable={true}
                                                          onResponderGrant={[Function]}
                                                          onResponderMove={[Function]}
                                                          onResponderRelease={[Function]}
                                                          onResponderTerminate={[Function]}
                                                          onResponderTerminationRequest={[Function]}
                                                          onStartShouldSetResponder={[Function]}
                                                          style={
                                                            Object {
                                                              "alignItems": "center",
                                                              "borderColor": "#cfcfcf",
                                                              "borderRadius": 100,
                                                              "borderWidth": 1,
                                                              "flex": 1,
                                                              "justifyContent": "center",
                                                              "opacity": 1,
                                                            }
                                                          }
                                                        >
                                                          <Component
                                                            style={
                                                              Array [
                                                                Object {
                                                                  "borderRadius": 100,
                                                                },
                                                                Object {
                                                                  "height": 32.5,
                                                                  "width": 32.5,
                                                                },
                                                              ]
                                                            }
                                                          >
                                                            <View
                                                              style={
                                                                Array [
                                                                  Object {
                                                                    "borderRadius": 100,
                                                                  },
                                                                  Object {
                                                                    "height": 32.5,
                                                                    "width": 32.5,
                                                                  },
                                                                ]
                                                              }
                                                            />
                                                          </Component>
                                                        </View>
                                                      </Component>
                                                    </AnimatedComponent>
                                                  </TouchableOpacity>
                                                </View>
                                              </Component>
                                              <Component
                                                style={
                                                  Array [
                                                    Object {
                                                      "fontFamily": "avenir-next-medium",
                                                    },
                                                    Object {
                                                      "fontSize": 12,
                                                    },
                                                    Object {
                                                      "marginTop": 13,
                                                    },
                                                    Object {
                                                      "color": "#cfcfcf",
                                                    },
                                                  ]
                                                }
                                              >
                                                <Text
                                                  style={
                                                    Array [
                                                      Object {
                                                        "fontFamily": "avenir-next-medium",
                                                      },
                                                      Object {
                                                        "fontSize": 12,
                                                      },
                                                      Object {
                                                        "marginTop": 13,
                                                      },
                                                      Object {
                                                        "color": "#cfcfcf",
                                                      },
                                                    ]
                                                  }
                                                >
                                                  MALE
                                                </Text>
                                              </Component>
                                            </View>
                                          </Component>
                                        </View>
                                      </Component>
                                    </RadioButton>
                                  </View>
                                </Component>
                              </View>
                            </Component>
                            <Button
                              disabled={true}
                              onPress={[Function]}
                              title="Continue"
                              variant="primary-md"
                            >
                              <TouchableOpacity
                                activeOpacity={0.2}
                                disabled={true}
                                onPress={[Function]}
                                style={
                                  Array [
                                    Object {
                                      "margin": 6.5,
                                    },
                                    Object {
                                      "paddingLeft": 19.5,
                                    },
                                    Object {
                                      "paddingRight": 19.5,
                                    },
                                    Object {
                                      "borderWidth": 1,
                                    },
                                    Object {
                                      "borderColor": "#57ae5b",
                                    },
                                    Object {
                                      "borderRadius": 100,
                                    },
                                    Object {
                                      "backgroundColor": "#57ae5b",
                                    },
                                    Object {
                                      "minWidth": 160,
                                    },
                                    Object {
                                      "height": 40,
                                    },
                                    Array [
                                      Object {
                                        "backgroundColor": "#cfcfcf",
                                      },
                                      Object {
                                        "borderColor": "transparent",
                                      },
                                    ],
                                  ]
                                }
                              >
                                <AnimatedComponent
                                  accessible={true}
                                  isTVSelectable={true}
                                  onResponderGrant={[Function]}
                                  onResponderMove={[Function]}
                                  onResponderRelease={[Function]}
                                  onResponderTerminate={[Function]}
                                  onResponderTerminationRequest={[Function]}
                                  onStartShouldSetResponder={[Function]}
                                  style={
                                    Array [
                                      Array [
                                        Object {
                                          "margin": 6.5,
                                        },
                                        Object {
                                          "paddingLeft": 19.5,
                                        },
                                        Object {
                                          "paddingRight": 19.5,
                                        },
                                        Object {
                                          "borderWidth": 1,
                                        },
                                        Object {
                                          "borderColor": "#57ae5b",
                                        },
                                        Object {
                                          "borderRadius": 100,
                                        },
                                        Object {
                                          "backgroundColor": "#57ae5b",
                                        },
                                        Object {
                                          "minWidth": 160,
                                        },
                                        Object {
                                          "height": 40,
                                        },
                                        Array [
                                          Object {
                                            "backgroundColor": "#cfcfcf",
                                          },
                                          Object {
                                            "borderColor": "transparent",
                                          },
                                        ],
                                      ],
                                      Object {
                                        "opacity": 1,
                                      },
                                    ]
                                  }
                                >
                                  <Component
                                    accessible={true}
                                    isTVSelectable={true}
                                    onResponderGrant={[Function]}
                                    onResponderMove={[Function]}
                                    onResponderRelease={[Function]}
                                    onResponderTerminate={[Function]}
                                    onResponderTerminationRequest={[Function]}
                                    onStartShouldSetResponder={[Function]}
                                    style={
                                      Object {
                                        "backgroundColor": "#cfcfcf",
                                        "borderColor": "transparent",
                                        "borderRadius": 100,
                                        "borderWidth": 1,
                                        "height": 40,
                                        "margin": 6.5,
                                        "minWidth": 160,
                                        "opacity": 1,
                                        "paddingLeft": 19.5,
                                        "paddingRight": 19.5,
                                      }
                                    }
                                  >
                                    <View
                                      accessible={true}
                                      isTVSelectable={true}
                                      onResponderGrant={[Function]}
                                      onResponderMove={[Function]}
                                      onResponderRelease={[Function]}
                                      onResponderTerminate={[Function]}
                                      onResponderTerminationRequest={[Function]}
                                      onStartShouldSetResponder={[Function]}
                                      style={
                                        Object {
                                          "backgroundColor": "#cfcfcf",
                                          "borderColor": "transparent",
                                          "borderRadius": 100,
                                          "borderWidth": 1,
                                          "height": 40,
                                          "margin": 6.5,
                                          "minWidth": 160,
                                          "opacity": 1,
                                          "paddingLeft": 19.5,
                                          "paddingRight": 19.5,
                                        }
                                      }
                                    >
                                      <Component
                                        style={
                                          Array [
                                            Object {
                                              "flex": 1,
                                            },
                                            Object {
                                              "justifyContent": "center",
                                            },
                                            Object {
                                              "alignItems": "center",
                                            },
                                          ]
                                        }
                                      >
                                        <View
                                          style={
                                            Array [
                                              Object {
                                                "flex": 1,
                                              },
                                              Object {
                                                "justifyContent": "center",
                                              },
                                              Object {
                                                "alignItems": "center",
                                              },
                                            ]
                                          }
                                        >
                                          <Component
                                            style={
                                              Array [
                                                Object {
                                                  "fontFamily": "avenir-next-medium",
                                                },
                                                Object {
                                                  "textAlign": "center",
                                                },
                                                Object {
                                                  "fontSize": 16,
                                                },
                                                Object {
                                                  "color": "#ffffff",
                                                },
                                              ]
                                            }
                                          >
                                            <Text
                                              style={
                                                Array [
                                                  Object {
                                                    "fontFamily": "avenir-next-medium",
                                                  },
                                                  Object {
                                                    "textAlign": "center",
                                                  },
                                                  Object {
                                                    "fontSize": 16,
                                                  },
                                                  Object {
                                                    "color": "#ffffff",
                                                  },
                                                ]
                                              }
                                            >
                                              Continue
                                            </Text>
                                          </Component>
                                        </View>
                                      </Component>
                                    </View>
                                  </Component>
                                </AnimatedComponent>
                              </TouchableOpacity>
                            </Button>
                          </View>
                        </Component>
                      </View>
                    </Component>
                    <Component
                      style={
                        Array [
                          Object {
                            "flex": 1,
                          },
                        ]
                      }
                    >
                      <View
                        style={
                          Array [
                            Object {
                              "flex": 1,
                            },
                          ]
                        }
                      />
                    </Component>
                  </View>
                </Component>
              </CardWithHeaderAndButton>
            </View>
          </Component>
        </GenderSelection>
      </Mutation>
    </_class>
  </Query>
</_class>
`;
