// Jest Snapshot v1, https://goo.gl/fbAQLP

exports[`<StartScreen /> renders correctly 1`] = `
<Component
  style={
    Array [
      Object {
        "flex": 1,
      },
      Object {
        "alignItems": "center",
      },
      Object {
        "justifyContent": "center",
      },
      Object {
        "backgroundColor": "#f7f7f7",
      },
    ]
  }
>
  <CardWithHeaderAndButton
    buttonText="Continue"
    description="We will make sure you get better and personalized results"
    disabled={false}
    onButtonPress={[Function]}
    title="What's your gender?"
  >
    <Component>
      Radio Buttons here
    </Component>
    <Component>
      Radio Buttons here
    </Component>
    <Component>
      Radio Buttons here
    </Component>
    <Component>
      Radio Buttons here
    </Component>
    <Component>
      Radio Buttons here
    </Component>
    <Component>
      Radio Buttons here
    </Component>
  </CardWithHeaderAndButton>
</Component>
`;
