// Jest Snapshot v1, https://goo.gl/fbAQLP

exports[`<StartScreen /> renders correctly 1`] = `
<Component
  style={
    Array [
      Object {
        "flex": 1,
      },
      Object {
        "flexDirection": "row",
      },
      Object {
        "alignItems": "flex-end",
      },
      Object {
        "justifyContent": "center",
      },
      Object {
        "backgroundColor": "#f7f7f7",
      },
    ]
  }
>
  <withNavigation(NavigationEvents)
    onDidFocus={[Function]}
  />
  <Component
    style={
      Array [
        Object {
          "flex": 1,
        },
        Object {
          "alignItems": "center",
        },
        Object {
          "justifyContent": "center",
        },
        Object {
          "marginBottom": 65,
        },
      ]
    }
  >
    <Button
      onPress={[Function]}
      title="Create Account"
      variant="primary-lg"
    />
    <Button
      onPress={[Function]}
      title="Log In"
      variant="secondary-lg"
    />
  </Component>
</Component>
`;
