// Jest Snapshot v1, https://goo.gl/fbAQLP

exports[`<SecondScreen /> renders correctly 1`] = `
<Component
  style={
    Array [
      Object {
        "flex": 1,
      },
      Object {
        "alignItems": "center",
      },
      Object {
        "justifyContent": "center",
      },
      Object {
        "backgroundColor": "#f7f7f7",
      },
    ]
  }
>
  <Component>
    Second Screen
  </Component>
  <Button
    color="#841584"
    onPress={[Function]}
    title="Go Back"
  />
</Component>
`;
